abacate | abacateiro | abacaxi | abobora | aboboras | amarelo | feijao | feijoada | 