abacate | abacateiro | abacaxi | abobora | aboboras | amar | amarelo | feijao | feijoada | 